[debug] [2025-07-22T02:15:48.695Z] ----------------------------------------------------------------------
[debug] [2025-07-22T02:15:48.698Z] Command:       C:\Program Files\nodejs\node.exe C:\Users\2221037\AppData\Roaming\npm\node_modules\firebase-tools\lib\bin\firebase.js init functions
[debug] [2025-07-22T02:15:48.698Z] CLI Version:   14.11.0
[debug] [2025-07-22T02:15:48.698Z] Platform:      win32
[debug] [2025-07-22T02:15:48.698Z] Node Version:  v20.17.0
[debug] [2025-07-22T02:15:48.698Z] Time:          Tue Jul 22 2025 11:15:48 GMT+0900 (日本標準時)
[debug] [2025-07-22T02:15:48.698Z] ----------------------------------------------------------------------
[debug] 
[debug] [2025-07-22T02:15:48.898Z] > command requires scopes: ["email","openid","https://www.googleapis.com/auth/cloudplatformprojects.readonly","https://www.googleapis.com/auth/firebase","https://www.googleapis.com/auth/cloud-platform"]
[debug] [2025-07-22T02:15:48.899Z] > authorizing via signed-in user (s2221037@cco.kanagawa-it.ac.jp)
[info] 
     ######## #### ########  ######## ########     ###     ######  ########
     ##        ##  ##     ## ##       ##     ##  ##   ##  ##       ##
     ######    ##  ########  ######   ########  #########  ######  ######
     ##        ##  ##    ##  ##       ##     ## ##     ##       ## ##
     ##       #### ##     ## ######## ########  ##     ##  ######  ########

You're about to initialize a Firebase project in this directory:

  C:\Users\2221037\projects\typing_game\typing_game_gemini

Before we get started, keep in mind:

  * You are initializing within an existing Firebase project directory

[debug] [2025-07-22T02:15:53.190Z] ExitPromptError: User force closed the prompt with SIGINT
    at Interface.sigint (C:\Users\2221037\AppData\Roaming\npm\node_modules\firebase-tools\node_modules\@inquirer\core\dist\commonjs\lib\create-prompt.js:101:37)
    at Interface.emit (node:events:519:28)
    at Interface.emit (node:domain:488:12)
    at [_ttyWrite] [as _ttyWrite] (node:internal/readline/interface:1126:18)
    at ReadStream.onkeypress (node:internal/readline/interface:265:20)
    at ReadStream.emit (node:events:531:35)
    at ReadStream.emit (node:domain:488:12)
    at emitKeys (node:internal/readline/utils:371:14)
    at emitKeys.next (<anonymous>)
    at ReadStream.onData (node:internal/readline/emitKeypressEvents:64:36)
[error] 
[error] Error: An unexpected error has occurred.
